// Vitest Snapshot v1, https://vitest.dev/guide/snapshot.html

exports[`Item card component > renders card 1`] = `undefined`;
